// Jest Snapshot v1, https://goo.gl/fbAQLP

exports[`Protein should match snapshot 1`] = `ShallowWrapper {}`;
